'JumpProcessesLean.Proofs.ideal_solvers_same_probability_law' depends on axioms: [propext, Classical.choice, Quot.sound]
'JumpProcessesLean.Proofs.all_ideal_joint_tails' depends on axioms: [propext, Classical.choice, Quot.sound]
'JumpProcessesLean.Proofs.exponentialClock_map_uniform' depends on axioms: [propext, Classical.choice, Quot.sound]
'JumpProcessesLean.Proofs.independent_exponential_race_tail' depends on axioms: [propext, Classical.choice, Quot.sound]
'JumpProcessesLean.Proofs.chooseAux_interval' depends on axioms: [propext, Classical.choice, Quot.sound]
'JumpProcessesLean.Proofs.nrm_rescale_hazard' depends on axioms: [propext, Classical.choice, Quot.sound]
'JumpProcessesLean.Proofs.nrm_rescale_survival' depends on axioms: [propext, Classical.choice, Quot.sound]
'JumpProcessesLean.Proofs.rssa_lower_shortcut' depends on axioms: [propext, Classical.choice, Quot.sound]
'JumpProcessesLean.Proofs.rejection_failure_tends_zero' depends on axioms: [propext, Classical.choice, Quot.sound]
'JumpProcessesLean.binary64_add_eq_spec' depends on axioms: [propext, Classical.choice, Quot.sound]
'JumpProcessesLean.binary64_div_eq_spec' depends on axioms: [propext, Classical.choice, Quot.sound]
'JumpProcessesLean.binary64Log_eq_builtin' depends on axioms: [propext, Classical.choice, Quot.sound]
'JumpProcessesLean.Proofs.direct_executable_joint_tail' depends on axioms: [propext, Classical.choice, Quot.sound]
'JumpProcessesLean.Proofs.nrm_uniform_executable_joint_tail' depends on axioms: [propext, Classical.choice, Quot.sound]
'JumpProcessesLean.Proofs.race_residual_probability' depends on axioms: [propext, Classical.choice, Quot.sound]
'JumpProcessesLean.Proofs.race_rescaled_survivors' depends on axioms: [propext, Classical.choice, Quot.sound]
'JumpProcessesLean.Proofs.exponential_erlang_convolution' depends on axioms: [propext, Classical.choice, Quot.sound]
'JumpProcessesLean.Proofs.uniform_clock_sum_law' depends on axioms: [propext, Classical.choice, Quot.sound]
'JumpProcessesLean.Proofs.rssa_first_success_executes' depends on axioms: [propext, Classical.choice, Quot.sound]
'JumpProcessesLean.Proofs.rssa_raw_branch_refines' depends on axioms: [propext, Classical.choice, Quot.sound]
'JumpProcessesLean.Proofs.rssa_validated_executable_law' depends on axioms: [propext, Classical.choice, Quot.sound]
'JumpProcessesLean.Proofs.operational_samplers_same_marked_time_law' depends on axioms: [propext,
 Classical.choice,
 Quot.sound]
'JumpProcessesLean.Proofs.float_clock_time_error' depends on axioms: [propext, Classical.choice, Quot.sound]
'JumpProcessesLean.Proofs.float_certified_log_error' depends on axioms: [propext, Classical.choice, Quot.sound]
'JumpProcessesLean.Proofs.float_default_log_error' depends on axioms: [propext, Classical.choice, Quot.sound]
'JumpProcessesLean.Proofs.float_fold_sum_error' depends on axioms: [propext, Classical.choice, Quot.sound]
'JumpProcessesLean.Proofs.float_nrm_rescale_error' depends on axioms: [propext, Classical.choice, Quot.sound]
'JumpProcessesLean.Proofs.chooseAux_float_margin' depends on axioms: [propext, Classical.choice, Quot.sound]
'JumpProcessesLean.Proofs.nrm_float_winner_approx' depends on axioms: [propext, Classical.choice, Quot.sound]
'JumpProcessesLean.Proofs.rssa_float_accept_stable' depends on axioms: [propext, Classical.choice, Quot.sound]
'JumpProcessesLean.Proofs.direct_float_certificate_refines' depends on axioms: [propext, Classical.choice, Quot.sound]
'JumpProcessesLean.Proofs.direct_float_joint_tail_approx' depends on axioms: [propext, Classical.choice, Quot.sound]
'JumpProcessesLean.Proofs.coupled_joint_tail_bounds' depends on axioms: [propext, Classical.choice, Quot.sound]
'JumpProcessesLean.Proofs.nrm_fresh_and_survivor_invariant' depends on axioms: [propext, Classical.choice, Quot.sound]
'JumpProcessesLean.Proofs.rssa_cap_error_iff' depends on axioms: [propext, Classical.choice, Quot.sound]
'JumpProcessesLean.Proofs.rssa_cap_failure_probability' depends on axioms: [propext, Classical.choice, Quot.sound]
'JumpProcessesLean.Proofs.nrmUpdate_uniform_executes' depends on axioms: [propext, Classical.choice, Quot.sound]
'JumpProcessesLean.Proofs.nrm_operational_update_invariant' depends on axioms: [propext, Classical.choice, Quot.sound]
'JumpProcessesLean.Proofs.nrm_transition_full_law' depends on axioms: [propext, Classical.choice, Quot.sound]
'JumpProcessesLean.Proofs.nrm_actual_transition_full_law' depends on axioms: [propext, Classical.choice, Quot.sound]
'JumpProcessesLean.Proofs.nrm_float_certificate_refines' depends on axioms: [propext, Classical.choice, Quot.sound]
'JumpProcessesLean.Proofs.nrm_float_joint_tail_approx' depends on axioms: [propext, Classical.choice, Quot.sound]
'JumpProcessesLean.Proofs.nrm_history_step_factorization' depends on axioms: [propext, Classical.choice, Quot.sound]
'JumpProcessesLean.Proofs.nrm_cached_word_law' depends on axioms: [propext, Classical.choice, Quot.sound]
'JumpProcessesLean.Proofs.finite_operational_word_laws_equal' depends on axioms: [propext, Classical.choice, Quot.sound]
'JumpProcessesLean.Proofs.nrmInitialize_masked_executes' depends on axioms: [propext, Classical.choice, Quot.sound]
'JumpProcessesLean.Proofs.nrmNext_masked_unique' depends on axioms: [propext, Classical.choice, Quot.sound]
'JumpProcessesLean.Proofs.masked_race_residual_probability' depends on axioms: [propext, Classical.choice, Quot.sound]
'JumpProcessesLean.Proofs.masked_transition_full_law' depends on axioms: [propext, Classical.choice, Quot.sound]
'JumpProcessesLean.Proofs.maskedActualResidual_executes' depends on axioms: [propext, Classical.choice, Quot.sound]
'JumpProcessesLean.Proofs.masked_history_step_factorization' depends on axioms: [propext, Classical.choice, Quot.sound]
'JumpProcessesLean.Proofs.masked_cached_word_law' depends on axioms: [propext, Classical.choice, Quot.sound]
'JumpProcessesLean.Proofs.finite_masked_word_laws_equal' depends on axioms: [propext, Classical.choice, Quot.sound]
'JumpProcessesLean.Proofs.simulateLoop_refines_replay' depends on axioms: [propext, Quot.sound]
'JumpProcessesLean.Proofs.simulate_refines_replay' depends on axioms: [propext, Classical.choice, Quot.sound]
'JumpProcessesLean.Proofs.operational_finite_paths_same_law' depends on axioms: [propext, Classical.choice, Quot.sound]
'JumpProcessesLean.Proofs.finite_simulation_observables_same_law' depends on axioms: [propext,
 Classical.choice,
 Quot.sound]
'JumpProcessesLean.Proofs.nrm_absolute_update_executes' depends on axioms: [propext, Classical.choice, Quot.sound]
'JumpProcessesLean.Proofs.nrm_raw_path_pushforward' depends on axioms: [propext, Classical.choice, Quot.sound]
'JumpProcessesLean.Proofs.nrm_raw_holding_times_law' depends on axioms: [propext, Classical.choice, Quot.sound]
'JumpProcessesLean.Proofs.rssa_float_branch_executes' depends on axioms: [propext, Classical.choice, Quot.sound]
'JumpProcessesLean.Proofs.rssa_float_certificate_refines' depends on axioms: [propext, Classical.choice, Quot.sound]
'JumpProcessesLean.Proofs.rssa_stopping_input_marked_law' depends on axioms: [propext, Classical.choice, Quot.sound]
'JumpProcessesLean.Proofs.rssa_stopping_inputs_probability' depends on axioms: [propext, Classical.choice, Quot.sound]
'JumpProcessesLean.Proofs.rssa_float_joint_tail_approx' depends on axioms: [propext, Classical.choice, Quot.sound]
'JumpProcessesLean.Proofs.path_word_weights_normalize' depends on axioms: [propext, Classical.choice, Quot.sound]
'JumpProcessesLean.Proofs.operational_finite_path_probability' depends on axioms: [propext,
 Classical.choice,
 Quot.sound]
'JumpProcessesLean.Proofs.nrm_schedule_concrete_run' depends on axioms: [propext, Classical.choice, Quot.sound]
'JumpProcessesLean.Proofs.nrm_simulate_primitive_execution' depends on axioms: [propext, Classical.choice, Quot.sound]
'JumpProcessesLean.Proofs.nrm_raw_good_ae' depends on axioms: [propext, Classical.choice, Quot.sound]
'JumpProcessesLean.Proofs.nrm_raw_driver_executes' depends on axioms: [propext, Classical.choice, Quot.sound]
'JumpProcessesLean.Proofs.nrm_completed_raw_driver_executes' depends on axioms: [propext, Classical.choice, Quot.sound]
'JumpProcessesLean.Proofs.nrm_simulation_word_law' depends on axioms: [propext, Classical.choice, Quot.sound]
'JumpProcessesLean.Proofs.raw_word_holding_law' depends on axioms: [propext, Classical.choice, Quot.sound]
'JumpProcessesLean.Proofs.raw_word_good_ae' depends on axioms: [propext, Classical.choice, Quot.sound]
'JumpProcessesLean.Proofs.rssa_first_success_suffix_executes' depends on axioms: [propext, Classical.choice, Quot.sound]
'JumpProcessesLean.Proofs.rssa_uniform_branch_suffix_executes' depends on axioms: [propext,
 Classical.choice,
 Quot.sound]
'JumpProcessesLean.Proofs.packet_raw_driver_executes' depends on axioms: [propext, Classical.choice, Quot.sound]
'JumpProcessesLean.Proofs.packet_simulation_word_law' depends on axioms: [propext, Classical.choice, Quot.sound]
'JumpProcessesLean.Proofs.direct_simulation_word_law' depends on axioms: [propext, Classical.choice, Quot.sound]
'JumpProcessesLean.Proofs.rssa_simulation_word_law' depends on axioms: [propext, Classical.choice, Quot.sound]
'JumpProcessesLean.Proofs.native_simulation_law_eq_target' depends on axioms: [propext, Classical.choice, Quot.sound]
'JumpProcessesLean.Proofs.direct_nrm_rssa_simulations_same_law' depends on axioms: [propext,
 Classical.choice,
 Quot.sound]
'JumpProcessesLean.Proofs.native_simulation_probability' depends on axioms: [propext, Classical.choice, Quot.sound]
'JumpProcessesLean.Proofs.nrm_update_aux_flags' depends on axioms: [propext, Quot.sound]
'JumpProcessesLean.Proofs.nrm_float_update_executes' depends on axioms: [propext, Classical.choice, Quot.sound]
'JumpProcessesLean.Proofs.nrm_float_update_certificate_refines' depends on axioms: [propext,
 Classical.choice,
 Quot.sound]
'JumpProcessesLean.Proofs.replay_float_trace_close' depends on axioms: [propext, Classical.choice, Quot.sound]
'JumpProcessesLean.Proofs.simulate_float_refines_replay' depends on axioms: [propext, Classical.choice, Quot.sound]
'JumpProcessesLean.Proofs.direct_float_step_refines' depends on axioms: [propext, Classical.choice, Quot.sound]
'JumpProcessesLean.Proofs.scheduled_concrete_run' depends on axioms: [propext, Quot.sound]
'JumpProcessesLean.Proofs.scheduled_event_tapes_close' depends on axioms: [propext, Classical.choice, Quot.sound]
'JumpProcessesLean.Proofs.simulate_float_schedule_close' depends on axioms: [propext, Classical.choice, Quot.sound]
'JumpProcessesLean.Proofs.packet_accumulated_time_error' depends on axioms: [propext, Classical.choice, Quot.sound]
'JumpProcessesLean.Proofs.float_packet_trajectory_close' depends on axioms: [propext, Classical.choice, Quot.sound]
'JumpProcessesLean.Proofs.direct_float_trajectory_close' depends on axioms: [propext, Classical.choice, Quot.sound]
'JumpProcessesLean.Proofs.rssa_float_trajectory_close' depends on axioms: [propext, Classical.choice, Quot.sound]
'JumpProcessesLean.Proofs.nrm_float_initialize_conditions' depends on axioms: [propext, Classical.choice, Quot.sound]
'JumpProcessesLean.Proofs.nrm_float_cache_errors' depends on axioms: [propext, Classical.choice, Quot.sound]
'JumpProcessesLean.Proofs.nrm_float_update_schedule' depends on axioms: [propext, Classical.choice, Quot.sound]
'JumpProcessesLean.Proofs.nrm_float_trajectory_close' depends on axioms: [propext, Classical.choice, Quot.sound]
'JumpProcessesLean.Proofs.primitive_packet_replay_law' depends on axioms: [propext, Classical.choice, Quot.sound]
'JumpProcessesLean.Proofs.primitive_nrm_replay_law' depends on axioms: [propext, Classical.choice, Quot.sound]
'JumpProcessesLean.Proofs.DirectTrajectoryConditions.refines' depends on axioms: [propext, Classical.choice, Quot.sound]
'JumpProcessesLean.Proofs.RSSATrajectoryConditions.refines' depends on axioms: [propext, Classical.choice, Quot.sound]
'JumpProcessesLean.Proofs.NRMTrajectoryConditions.refines' depends on axioms: [propext, Classical.choice, Quot.sound]
'JumpProcessesLean.Proofs.direct_float_simulation_joint_tail_approx' depends on axioms: [propext,
 Classical.choice,
 Quot.sound]
'JumpProcessesLean.Proofs.nrm_float_simulation_joint_tail_approx' depends on axioms: [propext,
 Classical.choice,
 Quot.sound]
'JumpProcessesLean.Proofs.rssa_float_simulation_joint_tail_approx' depends on axioms: [propext,
 Classical.choice,
 Quot.sound]
'JumpProcessesLean.Proofs.float_branch_joint_tail_approx' depends on axioms: [propext, Classical.choice, Quot.sound]
'JumpProcessesLean.Proofs.float_simulations_approximate_same_real_law' depends on axioms: [propext,
 Classical.choice,
 Quot.sound]
'JumpProcessesLean.Proofs.primitive_float_word_mass' depends on axioms: [propext, Classical.choice, Quot.sound]
'JumpProcessesLean.Proofs.float_full_bad_mass_le_one' depends on axioms: [propext, Classical.choice, Quot.sound]
'JumpProcessesLean.Proofs.recorded_trace_observables_close' depends on axioms: [propext, Classical.choice, Quot.sound]
'JumpProcessesLean.Proofs.iidStreams_split' depends on axioms: [propext, Classical.choice, Quot.sound]
'JumpProcessesLean.Proofs.StreamReader.regenerate' depends on axioms: [propext, Classical.choice, Quot.sound]
'JumpProcessesLean.Proofs.readerParse_law' depends on axioms: [propext, Classical.choice, Quot.sound]
'JumpProcessesLean.Proofs.rawWordLaw_restrict' depends on axioms: [propext, Classical.choice, Quot.sound]
'JumpProcessesLean.Proofs.map_eq_sum_restrict_of_partition' depends on axioms: [propext, Classical.choice, Quot.sound]
'JumpProcessesLean.Proofs.iid_word_decomposition' depends on axioms: [propext, Classical.choice, Quot.sound]
'JumpProcessesLean.Proofs.packet_driver_executes_from' depends on axioms: [propext, Classical.choice, Quot.sound]
'JumpProcessesLean.Proofs.direct_stream_driver_executes' depends on axioms: [propext, Classical.choice, Quot.sound]
'JumpProcessesLean.Proofs.direct_iid_simulation_law' depends on axioms: [propext, Classical.choice, Quot.sound]
'JumpProcessesLean.Proofs.nrmRowReader_law' depends on axioms: [propext, Classical.choice, Quot.sound]
'JumpProcessesLean.Proofs.nrmRawPathLaw_eq_restrict' depends on axioms: [propext, Classical.choice, Quot.sound]
'JumpProcessesLean.Proofs.nrmParse_law' depends on axioms: [propext, Classical.choice, Quot.sound]
'JumpProcessesLean.Proofs.nrm_completed_driver_executes_from' depends on axioms: [propext, Classical.choice, Quot.sound]
'JumpProcessesLean.Proofs.nrmWordEvent_disjoint' depends on axioms: [propext, Classical.choice, Quot.sound]
'JumpProcessesLean.Proofs.nrm_stream_driver_executes' depends on axioms: [propext, Classical.choice, Quot.sound]
'JumpProcessesLean.Proofs.nrm_iid_simulation_law' depends on axioms: [propext, Classical.choice, Quot.sound]
'JumpProcessesLean.Proofs.rssaReader_law' depends on axioms: [propext, Classical.choice, Quot.sound]
'JumpProcessesLean.Proofs.iidStreams_all_rejected' depends on axioms: [propext, Classical.choice, Quot.sound]
'JumpProcessesLean.Proofs.rssaWordEvent_branch' depends on axioms: [propext, Classical.choice, Quot.sound]
'JumpProcessesLean.Proofs.rssaWordEvent_disjoint' depends on axioms: [propext, Classical.choice, Quot.sound]
'JumpProcessesLean.Proofs.rssa_capped_driver_executes' depends on axioms: [propext, Classical.choice, Quot.sound]
'JumpProcessesLean.Proofs.rssaCapDefect_tendsto_zero' depends on axioms: [propext, Classical.choice, Quot.sound]
'JumpProcessesLean.Proofs.rssa_iid_capped_simulation_law' depends on axioms: [propext, Classical.choice, Quot.sound]
'JumpProcessesLean.Proofs.iid_direct_nrm_same_law' depends on axioms: [propext, Classical.choice, Quot.sound]
'JumpProcessesLean.Proofs.iid_rssa_tendsto_target' depends on axioms: [propext, Classical.choice, Quot.sound]
'JumpProcessesLean.Proofs.float_packet_trajectory_close_from' depends on axioms: [propext, Classical.choice, Quot.sound]
'JumpProcessesLean.Proofs.nrm_float_trajectory_close_from' depends on axioms: [propext, Classical.choice, Quot.sound]
'JumpProcessesLean.Proofs.word_coupling_tail_bounds' depends on axioms: [propext, Classical.choice, Quot.sound]
'JumpProcessesLean.Proofs.direct_float_iid_close' depends on axioms: [propext, Classical.choice, Quot.sound]
'JumpProcessesLean.Proofs.direct_float_iid_law_bounds' depends on axioms: [propext, Classical.choice, Quot.sound]
'JumpProcessesLean.Proofs.rssa_float_iid_close' depends on axioms: [propext, Classical.choice, Quot.sound]
'JumpProcessesLean.Proofs.rssa_float_iid_law_bounds' depends on axioms: [propext, Classical.choice, Quot.sound]
'JumpProcessesLean.Proofs.nrm_float_iid_close' depends on axioms: [propext, Classical.choice, Quot.sound]
'JumpProcessesLean.Proofs.nrm_float_iid_law_bounds' depends on axioms: [propext, Classical.choice, Quot.sound]
'JumpProcessesLean.Proofs.scheduled_concrete_run_absorb' depends on axioms: [propext, Quot.sound]
'JumpProcessesLean.Proofs.simulate_float_schedule_close_absorb' depends on axioms: [propext,
 Classical.choice,
 Quot.sound]
'JumpProcessesLean.Proofs.float_packet_trajectory_close_absorb' depends on axioms: [propext,
 Classical.choice,
 Quot.sound]
'JumpProcessesLean.Proofs.scheduled_events_eq_nrm_absorb' depends on axioms: [propext, Classical.choice, Quot.sound]
'JumpProcessesLean.Proofs.direct_float_absorbing' depends on axioms: [propext, Classical.choice, Quot.sound]
'JumpProcessesLean.Proofs.rssa_float_absorbing' depends on axioms: [propext, Classical.choice, Quot.sound]
'JumpProcessesLean.Proofs.direct_float_trajectory_close_stop' depends on axioms: [propext, Classical.choice, Quot.sound]
'JumpProcessesLean.Proofs.rssa_float_trajectory_close_stop' depends on axioms: [propext, Classical.choice, Quot.sound]
'JumpProcessesLean.Proofs.nrm_float_winner_masked' depends on axioms: [propext, Classical.choice, Quot.sound]
'JumpProcessesLean.Proofs.nrm_float_absorbing_cache' depends on axioms: [propext, Classical.choice, Quot.sound]
'JumpProcessesLean.Proofs.nrm_float_initialize_masked' depends on axioms: [propext, Classical.choice, Quot.sound]
'JumpProcessesLean.Proofs.nrm_float_masked_cache_errors' depends on axioms: [propext, Classical.choice, Quot.sound]
'JumpProcessesLean.Proofs.nrm_float_masked_trajectory_close' depends on axioms: [propext, Classical.choice, Quot.sound]
'JumpProcessesLean.Proofs.packet_real_replay_stop_eq_holdings' depends on axioms: [propext,
 Classical.choice,
 Quot.sound]
'JumpProcessesLean.Proofs.direct_float_iid_stop_close' depends on axioms: [propext, Classical.choice, Quot.sound]
'JumpProcessesLean.Proofs.direct_float_iid_stop_law_bounds' depends on axioms: [propext, Classical.choice, Quot.sound]
'JumpProcessesLean.Proofs.rssa_float_iid_stop_close' depends on axioms: [propext, Classical.choice, Quot.sound]
'JumpProcessesLean.Proofs.rssa_float_iid_stop_law_bounds' depends on axioms: [propext, Classical.choice, Quot.sound]
'JumpProcessesLean.Proofs.nrm_real_clocksM_raw_schedule' depends on axioms: [propext, Classical.choice, Quot.sound]
'JumpProcessesLean.Proofs.nrm_masked_real_replay_eq_holdings' depends on axioms: [propext, Classical.choice, Quot.sound]
'JumpProcessesLean.Proofs.nrm_float_iid_masked_close' depends on axioms: [propext, Classical.choice, Quot.sound]
'JumpProcessesLean.Proofs.nrm_float_iid_masked_law_bounds' depends on axioms: [propext, Classical.choice, Quot.sound]
'JumpProcessesLean.Proofs.directFloatGood_subset_stop' depends on axioms: [propext, Classical.choice, Quot.sound]
'JumpProcessesLean.Proofs.rssaFloatGood_subset_stop' depends on axioms: [propext, Classical.choice, Quot.sound]
'JumpProcessesLean.Proofs.nrmFloatGood_subset_masked' depends on axioms: [propext, Classical.choice, Quot.sound]
'JumpProcessesLean.Proofs.iid_float_direct_approximates_real' depends on axioms: [propext, Classical.choice, Quot.sound]
'JumpProcessesLean.Proofs.iid_float_nrm_approximates_real' depends on axioms: [propext, Classical.choice, Quot.sound]
'JumpProcessesLean.Proofs.iid_float_stop_failure_le' depends on axioms: [propext, Classical.choice, Quot.sound]
'JumpProcessesLean.Proofs.segSum_root' depends on axioms: [propext, Classical.choice, Quot.sound]
'JumpProcessesLean.Proofs.segDescend_eq_weightedIndex' depends on axioms: [propext, Classical.choice, Quot.sound]
'JumpProcessesLean.Proofs.combinations_pos_iff' depends on axioms: [propext, Classical.choice, Quot.sound]
'JumpProcessesLean.Proofs.le_maxStoich' depends on axioms: [propext, Quot.sound]
'JumpProcessesLean.Proofs.fire_inv' depends on axioms: [propext, Quot.sound]
'JumpProcessesLean.Proofs.enabled_iff_upper_pos' depends on axioms: [propext, Classical.choice, Quot.sound]
'JumpProcessesLean.Proofs.proposals_eq_rssaProposals' depends on axioms: [propext, Classical.choice, Quot.sound]
'JumpProcessesLean.Proofs.event_eq_rssa' depends on axioms: [propext, Classical.choice, Quot.sound]
'JumpProcessesLean.Proofs.simulateLoop_eq' depends on axioms: [propext, Classical.choice, Quot.sound]
'JumpProcessesLean.Proofs.treeRSSA_simulate_eq' depends on axioms: [propext, Classical.choice, Quot.sound]
'JumpProcessesLean.Proofs.bracketModel_consistency' depends on axioms: [propext, Classical.choice, Quot.sound]
'JumpProcessesLean.Proofs.tree_rssa_iid_capped_law' depends on axioms: [propext, Classical.choice, Quot.sound]
'JumpProcessesLean.Proofs.tree_rssa_tendsto_direct' depends on axioms: [propext, Classical.choice, Quot.sound]
'JumpProcessesLean.Proofs.TreeOK.node' depends on axioms: [propext, Classical.choice, Quot.sound]
'JumpProcessesLean.Proofs.TreeOK.root' depends on axioms: [propext, Classical.choice, Quot.sound]
'JumpProcessesLean.Proofs.TreeOK.descend' depends on axioms: [propext, Classical.choice, Quot.sound]
'JumpProcessesLean.Proofs.buildTree_ok' depends on axioms: [propext, Classical.choice, Quot.sound]
'JumpProcessesLean.Proofs.TreeOK.update' depends on axioms: [propext, Classical.choice, Quot.sound]
'JumpProcessesLean.Proofs.mem_speciesDependents' depends on axioms: [propext, Quot.sound]
'JumpProcessesLean.Proofs.refreshed_bounds' depends on axioms: [propext, Classical.choice, Quot.sound]
'JumpProcessesLean.Proofs.foldl_updateBounds' depends on axioms: [propext, Classical.choice, Quot.sound]
'JumpProcessesLean.Proofs.refresh_ok' depends on axioms: [propext, Classical.choice, Quot.sound]
'JumpProcessesLean.Proofs.fire_ok' depends on axioms: [propext, Classical.choice, Quot.sound]
'JumpProcessesLean.Proofs.proposals_ok' depends on axioms: [propext, Classical.choice, Quot.sound]
'JumpProcessesLean.Proofs.event_ok' depends on axioms: [propext, Classical.choice, Quot.sound]
'JumpProcessesLean.Proofs.loop_ok' depends on axioms: [propext, Classical.choice, Quot.sound]
'JumpProcessesLean.Proofs.gen1_simulate_eq' depends on axioms: [propext, Classical.choice, Quot.sound]
'JumpProcessesLean.Proofs.float_toBits_inj' does not depend on any axioms
'JumpProcessesLean.Proofs.gen2_foldl_updateBounds' depends on axioms: [propext, Classical.choice, Quot.sound]
'JumpProcessesLean.Proofs.gen2_refresh_ok' depends on axioms: [propext, Classical.choice, Quot.sound]
'JumpProcessesLean.Proofs.gen2_fire_ok' depends on axioms: [propext, Classical.choice, Quot.sound]
'JumpProcessesLean.Proofs.gen2_proposals_eq' depends on axioms: [propext, Classical.choice, Quot.sound]
'JumpProcessesLean.Proofs.gen2_event_ok' depends on axioms: [propext, Classical.choice, Quot.sound]
'JumpProcessesLean.Proofs.gen2_loop_ok' depends on axioms: [propext, Classical.choice, Quot.sound]
'JumpProcessesLean.Proofs.gen2_simulate_eq' depends on axioms: [propext, Classical.choice, Quot.sound]
'JumpProcessesLean.Proofs.factor_eval_compile' depends on axioms: [propext, Quot.sound]
'JumpProcessesLean.Proofs.fixUntil_spec' depends on axioms: [propext, Classical.choice, Quot.sound]
'JumpProcessesLean.Proofs.setBounds_spec' depends on axioms: [propext, Classical.choice, Quot.sound]
'JumpProcessesLean.Proofs.gen3_refresh_ok' depends on axioms: [propext, Classical.choice, Quot.sound]
'JumpProcessesLean.Proofs.gen3_fire_ok' depends on axioms: [propext, Classical.choice, Quot.sound]
'JumpProcessesLean.Proofs.gen3_proposals_eq' depends on axioms: [propext, Classical.choice, Quot.sound]
'JumpProcessesLean.Proofs.gen3_event_ok' depends on axioms: [propext, Classical.choice, Quot.sound]
'JumpProcessesLean.Proofs.gen3_loop_ok' depends on axioms: [propext, Classical.choice, Quot.sound]
'JumpProcessesLean.Proofs.gen3_simulate_eq' depends on axioms: [propext, Classical.choice, Quot.sound]
'JumpProcessesLean.Proofs.run_eq' depends on axioms: [propext, Classical.choice, Quot.sound]
'JumpProcessesLean.Proofs.start_eq' depends on axioms: [propext, Classical.choice, Quot.sound]
'JumpProcessesLean.Proofs.gen4_eq_gen3' depends on axioms: [propext, Classical.choice, Quot.sound]
'JumpProcessesLean.Proofs.gen4_simulate_eq' depends on axioms: [propext, Classical.choice, Quot.sound]
'JumpProcessesLean.Proofs.treeOK_unique' depends on axioms: [propext, Classical.choice, Quot.sound]
'JumpProcessesLean.Proofs.setBounds5_spec' depends on axioms: [propext, Classical.choice, Quot.sound]
'JumpProcessesLean.Proofs.gen5_refresh_eq' depends on axioms: [propext, Classical.choice, Quot.sound]
'JumpProcessesLean.Proofs.gen5_fire_eq' depends on axioms: [propext, Classical.choice, Quot.sound]
'JumpProcessesLean.Proofs.run5_eq_of' depends on axioms: [propext, Classical.choice, Quot.sound]
'JumpProcessesLean.Proofs.gen5_eq_gen4' depends on axioms: [propext, Classical.choice, Quot.sound]
'JumpProcessesLean.Proofs.gen5_simulate_eq' depends on axioms: [propext, Classical.choice, Quot.sound]
'JumpProcessesLean.Proofs.gen6_fire_eq' depends on axioms: [propext, Classical.choice, Quot.sound]
'JumpProcessesLean.Proofs.gen6_run_eq' depends on axioms: [propext, Classical.choice, Quot.sound]
'JumpProcessesLean.Proofs.gen6_eq_gen5' depends on axioms: [propext, Classical.choice, Quot.sound]
'JumpProcessesLean.Proofs.gen6_simulate_eq' depends on axioms: [propext, Classical.choice, Quot.sound]
'JumpProcessesLean.Proofs.isFinite_eq_lt' depends on axioms: [propext, Classical.choice, Quot.sound]
'JumpProcessesLean.Proofs.gen7_run_eq' depends on axioms: [propext, Classical.choice, Quot.sound]
'JumpProcessesLean.Proofs.gen7_eq_gen6' depends on axioms: [propext, Classical.choice, Quot.sound]
'JumpProcessesLean.Proofs.gen7_simulate_eq' depends on axioms: [propext, Classical.choice, Quot.sound]
'JumpProcessesLean.Proofs.gen8_run_eq' depends on axioms: [propext, Classical.choice, Quot.sound]
'JumpProcessesLean.Proofs.gen8_eq_gen7' depends on axioms: [propext, Classical.choice, Quot.sound]
'JumpProcessesLean.Proofs.gen8_simulate_eq' depends on axioms: [propext, Classical.choice, Quot.sound]
'JumpProcessesLean.Proofs.gen9_run_eq' depends on axioms: [propext, Classical.choice, Quot.sound]
'JumpProcessesLean.Proofs.gen9_eq_gen8' depends on axioms: [propext, Classical.choice, Quot.sound]
'JumpProcessesLean.Proofs.gen9_simulate_eq' depends on axioms: [propext, Classical.choice, Quot.sound]
'JumpProcessesLean.Proofs.gen10_run_eq' depends on axioms: [propext, Classical.choice, Quot.sound]
'JumpProcessesLean.Proofs.gen10_eq_gen9' depends on axioms: [propext, Classical.choice, Quot.sound]
'JumpProcessesLean.Proofs.gen10_simulate_eq' depends on axioms: [propext, Classical.choice, Quot.sound]
